========================================================
  BS(45,44) — Thermodynamically Guided Solver
  Targeting NPAF=0 inside Theorem 2.2 Manifold
  [ Threads: 7 ]
========================================================
Loaded 180 valid sum signatures.

[7.76416s] SA epochs explored locally: 7
[342.303s] SA epochs explored locally: 14
[511.428s] SA epochs explored locally: 21
[541.733s] SA epochs explored locally: 28
[703.151s] SA epochs explored locally: 35
[855.785s] SA epochs explored locally: 42
[860.114s] SA epochs explored locally: 49
[882.7s] SA epochs explored locally: 56
[1027.86s] SA epochs explored locally: 63
[1350.63s] SA epochs explored locally: 70
[1361.94s] SA epochs explored locally: 77
[1547.72s] SA epochs explored locally: 84
[1589.15s] SA epochs explored locally: 91
[1718.83s] SA epochs explored locally: 98
[1756.37s] SA epochs explored locally: 105
[2038.28s] SA epochs explored locally: 112
[2072.01s] SA epochs explored locally: 119
[2288.94s] SA epochs explored locally: 126
[2326.46s] SA epochs explored locally: 133
[2379.1s] SA epochs explored locally: 140
[2401.73s] SA epochs explored locally: 147
[2413.1s] SA epochs explored locally: 154
[2669.64s] SA epochs explored locally: 161
[2799.68s] SA epochs explored locally: 168
[2906.27s] SA epochs explored locally: 175
[2989.52s] SA epochs explored locally: 182
[2997.3s] SA epochs explored locally: 189
[3083.99s] SA epochs explored locally: 196
[3147.65s] SA epochs explored locally: 203
[3181.62s] SA epochs explored locally: 210
[3189.34s] SA epochs explored locally: 217
[3216s] SA epochs explored locally: 224
[3463.63s] SA epochs explored locally: 231
[3478.96s] SA epochs explored locally: 238
[3561.75s] SA epochs explored locally: 245
[3655.81s] SA epochs explored locally: 252
[3723.33s] SA epochs explored locally: 259
[3938.91s] SA epochs explored locally: 266
[3950.29s] SA epochs explored locally: 273
[3958.05s] SA epochs explored locally: 280
[4033.05s] SA epochs explored locally: 287
[4218.63s] SA epochs explored locally: 294
[4278.72s] SA epochs explored locally: 301
[4331.56s] SA epochs explored locally: 308
[4414.69s] SA epochs explored locally: 315
[4448.74s] SA epochs explored locally: 322
[4475.43s] SA epochs explored locally: 329
[4555.26s] SA epochs explored locally: 336
[4795.56s] SA epochs explored locally: 343
[4833.28s] SA epochs explored locally: 350
[4889.54s] SA epochs explored locally: 357
[4980.42s] SA epochs explored locally: 364
[5052.36s] SA epochs explored locally: 371
[5178.76s] SA epochs explored locally: 378
[5293.15s] SA epochs explored locally: 385
[5418.94s] SA epochs explored locally: 392
[5532.65s] SA epochs explored locally: 399
[5809.27s] SA epochs explored locally: 406
[6193.59s] SA epochs explored locally: 413
[6204.91s] SA epochs explored locally: 420
[6514.86s] SA epochs explored locally: 427
[6545.34s] SA epochs explored locally: 434
[6769.77s] SA epochs explored locally: 441
[6852.46s] SA epochs explored locally: 448
[6912.39s] SA epochs explored locally: 455
[6994.43s] SA epochs explored locally: 462
[6998.77s] SA epochs explored locally: 469
[7081.05s] SA epochs explored locally: 476
[7214.59s] SA epochs explored locally: 483
[7225.94s] SA epochs explored locally: 490
[7289.35s] SA epochs explored locally: 497
[7372.33s] SA epochs explored locally: 504
[7421.67s] SA epochs explored locally: 511
[7433.1s] SA epochs explored locally: 518
[7524.78s] SA epochs explored locally: 525
[7581.02s] SA epochs explored locally: 532
[7900.08s] SA epochs explored locally: 539
[7907.86s] SA epochs explored locally: 546
[8168.38s] SA epochs explored locally: 553
[8228.54s] SA epochs explored locally: 560
[8243.86s] SA epochs explored locally: 567
[8408.84s] SA epochs explored locally: 574
[8427.76s] SA epochs explored locally: 581
[8667.41s] SA epochs explored locally: 588
[8750.19s] SA epochs explored locally: 595
[8754.58s] SA epochs explored locally: 602
[9093.44s] SA epochs explored locally: 609
[9131.12s] SA epochs explored locally: 616
[9195.27s] SA epochs explored locally: 623
[9395.28s] SA epochs explored locally: 630
[9429.51s] SA epochs explored locally: 637
[9479.05s] SA epochs explored locally: 644
[9516.76s] SA epochs explored locally: 651
[9562.11s] SA epochs explored locally: 658
[9759.21s] SA epochs explored locally: 665
[10006.8s] SA epochs explored locally: 672
[10014.6s] SA epochs explored locally: 679
[10056.5s] SA epochs explored locally: 686
[10253.6s] SA epochs explored locally: 693
[10351.9s] SA epochs explored locally: 700
[10359.7s] SA epochs explored locally: 707
[10367.5s] SA epochs explored locally: 714
[10420.4s] SA epochs explored locally: 721
[10574.3s] SA epochs explored locally: 728
[10756.9s] SA epochs explored locally: 735
[11101.1s] SA epochs explored locally: 742
[11109s] SA epochs explored locally: 749
[11215.7s] SA epochs explored locally: 756
[11227s] SA epochs explored locally: 763
[11261.3s] SA epochs explored locally: 770
[11325.1s] SA epochs explored locally: 777
[11590.4s] SA epochs explored locally: 784
[11732.7s] SA epochs explored locally: 791
[11958.1s] SA epochs explored locally: 798
[12088.4s] SA epochs explored locally: 805
[12133.9s] SA epochs explored locally: 812
[12267.8s] SA epochs explored locally: 819
[12343.2s] SA epochs explored locally: 826
[12380.6s] SA epochs explored locally: 833
[12414.5s] SA epochs explored locally: 840
[12470.7s] SA epochs explored locally: 847
[12588.5s] SA epochs explored locally: 854
[12612s] SA epochs explored locally: 861
[12655.5s] SA epochs explored locally: 868
[12772.2s] SA epochs explored locally: 875
[12804.3s] SA epochs explored locally: 882
[12824.4s] SA epochs explored locally: 889
[12856.7s] SA epochs explored locally: 896
[12876.6s] SA epochs explored locally: 903
[12900.8s] SA epochs explored locally: 910
[13005.1s] SA epochs explored locally: 917
[13101.2s] SA epochs explored locally: 924
[13189s] SA epochs explored locally: 931
[13237s] SA epochs explored locally: 938
[13412s] SA epochs explored locally: 945
[13471.6s] SA epochs explored locally: 952
[13729.7s] SA epochs explored locally: 959
[13753.7s] SA epochs explored locally: 966
[13863.3s] SA epochs explored locally: 973
[13891.9s] SA epochs explored locally: 980
[13981.2s] SA epochs explored locally: 987
[14079.3s] SA epochs explored locally: 994
[14091.6s] SA epochs explored locally: 1001
[14169.3s] SA epochs explored locally: 1008
[14238.6s] SA epochs explored locally: 1015
[14251s] SA epochs explored locally: 1022
[14271.5s] SA epochs explored locally: 1029
[14357.6s] SA epochs explored locally: 1036
[14447.1s] SA epochs explored locally: 1043
[14451.7s] SA epochs explored locally: 1050
[14751.5s] SA epochs explored locally: 1057
[14799.9s] SA epochs explored locally: 1064
[14839.8s] SA epochs explored locally: 1071
[14895.5s] SA epochs explored locally: 1078
[15195.5s] SA epochs explored locally: 1085
[15384.5s] SA epochs explored locally: 1092
[15452.8s] SA epochs explored locally: 1099
[15481.3s] SA epochs explored locally: 1106
[15505.5s] SA epochs explored locally: 1113
[15618.1s] SA epochs explored locally: 1120
[15718s] SA epochs explored locally: 1127
[15873s] SA epochs explored locally: 1134
[15889.3s] SA epochs explored locally: 1141
[16020s] SA epochs explored locally: 1148
[16028.3s] SA epochs explored locally: 1155
[16036.6s] SA epochs explored locally: 1162
[16121.6s] SA epochs explored locally: 1169
[16198.5s] SA epochs explored locally: 1176
[16428.3s] SA epochs explored locally: 1183
[16476.2s] SA epochs explored locally: 1190
[16642s] SA epochs explored locally: 1197
[16823.4s] SA epochs explored locally: 1204
[16902.2s] SA epochs explored locally: 1211
[16910s] SA epochs explored locally: 1218
[16921.4s] SA epochs explored locally: 1225
[17110.8s] SA epochs explored locally: 1232
[17193.5s] SA epochs explored locally: 1239
[17246.8s] SA epochs explored locally: 1246
[17274.7s] SA epochs explored locally: 1253
[17478.5s] SA epochs explored locally: 1260
[17615.6s] SA epochs explored locally: 1267
[17679.4s] SA epochs explored locally: 1274
[17695.7s] SA epochs explored locally: 1281
[17915.5s] SA epochs explored locally: 1288
[18066.5s] SA epochs explored locally: 1295
[18163s] SA epochs explored locally: 1302
[18296.1s] SA epochs explored locally: 1309
[18328.3s] SA epochs explored locally: 1316
[18520.5s] SA epochs explored locally: 1323
[18540.4s] SA epochs explored locally: 1330
[18611.9s] SA epochs explored locally: 1337
[18939.8s] SA epochs explored locally: 1344
[19031.4s] SA epochs explored locally: 1351
[19185.4s] SA epochs explored locally: 1358
[19225.3s] SA epochs explored locally: 1365
[19233.5s] SA epochs explored locally: 1372
[19334.1s] SA epochs explored locally: 1379
[19354.3s] SA epochs explored locally: 1386
[19458.3s] SA epochs explored locally: 1393
[19533.8s] SA epochs explored locally: 1400
[19569.8s] SA epochs explored locally: 1407
[19578s] SA epochs explored locally: 1414
[19594.2s] SA epochs explored locally: 1421
[19790.4s] SA epochs explored locally: 1428
[20079.1s] SA epochs explored locally: 1435
[20146.4s] SA epochs explored locally: 1442
[20174.7s] SA epochs explored locally: 1449
[20222.8s] SA epochs explored locally: 1456
[20246.8s] SA epochs explored locally: 1463
[20294.8s] SA epochs explored locally: 1470
[20338.5s] SA epochs explored locally: 1477
[20339.9s] SA epochs explored locally: 1484
[20431.2s] SA epochs explored locally: 1491
[20443.2s] SA epochs explored locally: 1498
[20451.4s] SA epochs explored locally: 1505
[20494.9s] SA epochs explored locally: 1512
[20571s] SA epochs explored locally: 1519
[20599.2s] SA epochs explored locally: 1526
[20765.3s] SA epochs explored locally: 1533
[20876.8s] SA epochs explored locally: 1540
[20904.8s] SA epochs explored locally: 1547
[20952.8s] SA epochs explored locally: 1554
[20961s] SA epochs explored locally: 1561
[20973s] SA epochs explored locally: 1568
========================================================
  BS(45,44) — Thermodynamically Guided Solver
  Targeting NPAF=0 inside Theorem 2.2 Manifold
  [ Threads: 7 ]
========================================================
Loaded 180 valid sum signatures.

[71.5668s] SA epochs explored locally: 7 Speed: 0.0978107
[61768.7s] SA epochs explored locally: 14 Speed: 0.000226652
[61859.2s] SA epochs explored locally: 21 Speed: 0.00033948
[61931.9s] SA epochs explored locally: 28 Speed: 0.000452109
[61996.4s] SA epochs explored locally: 35 Speed: 0.000564549
[62083.1s] SA epochs explored locally: 42 Speed: 0.000676513
[62173.4s] SA epochs explored locally: 49 Speed: 0.000788119
[62218.5s] SA epochs explored locally: 56 Speed: 0.000900054
[62245.1s] SA epochs explored locally: 63 Speed: 0.00101213
[62267.6s] SA epochs explored locally: 70 Speed: 0.00112418
[62409.4s] SA epochs explored locally: 77 Speed: 0.00123379
[62641.9s] SA epochs explored locally: 84 Speed: 0.00134095
[62714.8s] SA epochs explored locally: 91 Speed: 0.00145101
[62748.9s] SA epochs explored locally: 98 Speed: 0.00156178
[62938.3s] SA epochs explored locally: 105 Speed: 0.0016683
[62946.1s] SA epochs explored locally: 112 Speed: 0.0017793
[62976.7s] SA epochs explored locally: 119 Speed: 0.00188959
[63221.4s] SA epochs explored locally: 126 Speed: 0.001993
[63277.5s] SA epochs explored locally: 133 Speed: 0.00210185
[63352.5s] SA epochs explored locally: 140 Speed: 0.00220986
[63379.2s] SA epochs explored locally: 147 Speed: 0.00231937
[63451.1s] SA epochs explored locally: 154 Speed: 0.00242706
[63728.3s] SA epochs explored locally: 161 Speed: 0.00252635
[63862.8s] SA epochs explored locally: 168 Speed: 0.00263064
[63923s] SA epochs explored locally: 175 Speed: 0.00273767
[64254.1s] SA epochs explored locally: 182 Speed: 0.0028325
[64325.9s] SA epochs explored locally: 189 Speed: 0.00293816
[64542.6s] SA epochs explored locally: 196 Speed: 0.00303675
[64840s] SA epochs explored locally: 203 Speed: 0.00313078
[64847.9s] SA epochs explored locally: 210 Speed: 0.00323835
[64855.7s] SA epochs explored locally: 217 Speed: 0.00334589
[65127.7s] SA epochs explored locally: 224 Speed: 0.0034394
[65210.2s] SA epochs explored locally: 231 Speed: 0.00354239
[65262.8s] SA epochs explored locally: 238 Speed: 0.00364679
[65500.1s] SA epochs explored locally: 245 Speed: 0.00374045
[65580s] SA epochs explored locally: 252 Speed: 0.00384263
[65722.6s] SA epochs explored locally: 259 Speed: 0.00394081
[65787s] SA epochs explored locally: 266 Speed: 0.00404335
[65814s] SA epochs explored locally: 273 Speed: 0.00414806
[65926.1s] SA epochs explored locally: 280 Speed: 0.00424718
[65945.3s] SA epochs explored locally: 287 Speed: 0.00435209
[66002.2s] SA epochs explored locally: 294 Speed: 0.0044544
[66062.8s] SA epochs explored locally: 301 Speed: 0.00455627
[66228.3s] SA epochs explored locally: 308 Speed: 0.00465058
[66236.1s] SA epochs explored locally: 315 Speed: 0.00475571
[66300.4s] SA epochs explored locally: 322 Speed: 0.00485668
[66375.1s] SA epochs explored locally: 329 Speed: 0.00495668
[66524.5s] SA epochs explored locally: 336 Speed: 0.00505077
[66573.6s] SA epochs explored locally: 343 Speed: 0.0051522
[66581.4s] SA epochs explored locally: 350 Speed: 0.00525673
[66645.8s] SA epochs explored locally: 357 Speed: 0.00535668
[66846.3s] SA epochs explored locally: 364 Speed: 0.00544532
[66918.3s] SA epochs explored locally: 371 Speed: 0.00554407
[67045s] SA epochs explored locally: 378 Speed: 0.00563801
[67198.4s] SA epochs explored locally: 385 Speed: 0.0057293
[67262.1s] SA epochs explored locally: 392 Speed: 0.00582795
[67314.5s] SA epochs explored locally: 399 Speed: 0.0059274
[67416.2s] SA epochs explored locally: 406 Speed: 0.00602229
[67446.8s] SA epochs explored locally: 413 Speed: 0.00612335
[67458.2s] SA epochs explored locally: 420 Speed: 0.00622608
[67696s] SA epochs explored locally: 427 Speed: 0.00630761
[67829.7s] SA epochs explored locally: 434 Speed: 0.00639838
[67863.6s] SA epochs explored locally: 441 Speed: 0.00649833
[67908.8s] SA epochs explored locally: 448 Speed: 0.00659708
[67939.3s] SA epochs explored locally: 455 Speed: 0.00669715
[68006.8s] SA epochs explored locally: 462 Speed: 0.00679344
[68055.3s] SA epochs explored locally: 469 Speed: 0.00689145
[68204.8s] SA epochs explored locally: 476 Speed: 0.00697898
[68446.8s] SA epochs explored locally: 483 Speed: 0.00705658
[68514.6s] SA epochs explored locally: 490 Speed: 0.00715176
[68601.5s] SA epochs explored locally: 497 Speed: 0.00724474
[68708s] SA epochs explored locally: 504 Speed: 0.00733539
[69031.1s] SA epochs explored locally: 511 Speed: 0.00740246
[69098.8s] SA epochs explored locally: 518 Speed: 0.00749651
[69177.1s] SA epochs explored locally: 525 Speed: 0.00758921
[69277.9s] SA epochs explored locally: 532 Speed: 0.00767921
[69539.1s] SA epochs explored locally: 539 Speed: 0.00775104
[69676.9s] SA epochs explored locally: 546 Speed: 0.00783617
[69688.3s] SA epochs explored locally: 553 Speed: 0.00793534
[69782.5s] SA epochs explored locally: 560 Speed: 0.00802493
[69876.6s] SA epochs explored locally: 567 Speed: 0.00811431
[69967.2s] SA epochs explored locally: 574 Speed: 0.00820385
[70307.2s] SA epochs explored locally: 581 Speed: 0.00826373
[70380.4s] SA epochs explored locally: 588 Speed: 0.0083546
[70441.8s] SA epochs explored locally: 595 Speed: 0.00844669
[70533.7s] SA epochs explored locally: 602 Speed: 0.00853493
[70635.4s] SA epochs explored locally: 609 Speed: 0.00862174
[70669.2s] SA epochs explored locally: 616 Speed: 0.00871667
[70695.7s] SA epochs explored locally: 623 Speed: 0.00881242
[70782.1s] SA epochs explored locally: 630 Speed: 0.00890056
[70804.9s] SA epochs explored locally: 637 Speed: 0.00899655
[70869.4s] SA epochs explored locally: 644 Speed: 0.00908714
[71187.9s] SA epochs explored locally: 651 Speed: 0.00914481
[71352.9s] SA epochs explored locally: 658 Speed: 0.00922176
[71578.5s] SA epochs explored locally: 665 Speed: 0.0092905
[71661.8s] SA epochs explored locally: 672 Speed: 0.00937738
[71718.2s] SA epochs explored locally: 679 Speed: 0.00946761
[71781.7s] SA epochs explored locally: 686 Speed: 0.00955675
[71800.5s] SA epochs explored locally: 693 Speed: 0.00965175
[71922.6s] SA epochs explored locally: 700 Speed: 0.00973269
[72126.8s] SA epochs explored locally: 707 Speed: 0.00980218
[72221.8s] SA epochs explored locally: 714 Speed: 0.00988621
[72319.9s] SA epochs explored locally: 721 Speed: 0.0099696
[72338.6s] SA epochs explored locally: 728 Speed: 0.0100638
[72409.4s] SA epochs explored locally: 735 Speed: 0.0101506
[72651.2s] SA epochs explored locally: 742 Speed: 0.0102132
[72696.5s] SA epochs explored locally: 749 Speed: 0.0103031
[72849.4s] SA epochs explored locally: 756 Speed: 0.0103776
[73057.4s] SA epochs explored locally: 763 Speed: 0.0104438
[73068.9s] SA epochs explored locally: 770 Speed: 0.010538
[73118s] SA epochs explored locally: 777 Speed: 0.0106267
[73148.6s] SA epochs explored locally: 784 Speed: 0.0107179
[73369.9s] SA epochs explored locally: 791 Speed: 0.010781
[73445.1s] SA epochs explored locally: 798 Speed: 0.0108653
[73634.8s] SA epochs explored locally: 805 Speed: 0.0109323
[73748.6s] SA epochs explored locally: 812 Speed: 0.0110104
[73779s] SA epochs explored locally: 819 Speed: 0.0111007
[73857.2s] SA epochs explored locally: 826 Speed: 0.0111837
[73891s] SA epochs explored locally: 833 Speed: 0.0112734
[73939.6s] SA epochs explored locally: 840 Speed: 0.0113606
[74065.1s] SA epochs explored locally: 847 Speed: 0.0114359
[74072.9s] SA epochs explored locally: 854 Speed: 0.0115292
[74084.2s] SA epochs explored locally: 861 Speed: 0.0116219
[74147.8s] SA epochs explored locally: 868 Speed: 0.0117064
[74285.5s] SA epochs explored locally: 875 Speed: 0.0117789
[74342s] SA epochs explored locally: 882 Speed: 0.0118641
[74550.4s] SA epochs explored locally: 889 Speed: 0.0119248
[74898.8s] SA epochs explored locally: 896 Speed: 0.0119628
[75020.2s] SA epochs explored locally: 903 Speed: 0.0120368
[75039.1s] SA epochs explored locally: 910 Speed: 0.012127
[75293.3s] SA epochs explored locally: 917 Speed: 0.012179
[75458.1s] SA epochs explored locally: 924 Speed: 0.0122452
[75495.7s] SA epochs explored locally: 931 Speed: 0.0123318
[75526.1s] SA epochs explored locally: 938 Speed: 0.0124195
[75533.9s] SA epochs explored locally: 945 Speed: 0.0125109
[75632.8s] SA epochs explored locally: 952 Speed: 0.0125871
[75890.1s] SA epochs explored locally: 959 Speed: 0.0126367
[75961.6s] SA epochs explored locally: 966 Speed: 0.012717
[76051.8s] SA epochs explored locally: 973 Speed: 0.0127939
[76104.4s] SA epochs explored locally: 980 Speed: 0.012877
[76115.8s] SA epochs explored locally: 987 Speed: 0.0129671
[76293.3s] SA epochs explored locally: 994 Speed: 0.0130287
[76330.8s] SA epochs explored locally: 1001 Speed: 0.013114
[76444.3s] SA epochs explored locally: 1008 Speed: 0.0131861
[76661.1s] SA epochs explored locally: 1015 Speed: 0.0132401
[76806.7s] SA epochs explored locally: 1022 Speed: 0.0133061
[76975.9s] SA epochs explored locally: 1029 Speed: 0.0133678
[76994.9s] SA epochs explored locally: 1036 Speed: 0.0134554
[77108.5s] SA epochs explored locally: 1043 Speed: 0.0135264
[77142.5s] SA epochs explored locally: 1050 Speed: 0.0136112
[77153.8s] SA epochs explored locally: 1057 Speed: 0.0136999
[77176.4s] SA epochs explored locally: 1064 Speed: 0.0137866
[77177.8s] SA epochs explored locally: 1071 Speed: 0.0138771
[77299.6s] SA epochs explored locally: 1078 Speed: 0.0139457
[77386.6s] SA epochs explored locally: 1085 Speed: 0.0140205
[77480.6s] SA epochs explored locally: 1092 Speed: 0.0140939
[77626.2s] SA epochs explored locally: 1099 Speed: 0.0141576
[77633.9s] SA epochs explored locally: 1106 Speed: 0.0142463
[77664.4s] SA epochs explored locally: 1113 Speed: 0.0143309
[77714s] SA epochs explored locally: 1120 Speed: 0.0144118
[77744.8s] SA epochs explored locally: 1127 Speed: 0.0144961
[77805.7s] SA epochs explored locally: 1134 Speed: 0.0145748
[77832.6s] SA epochs explored locally: 1141 Speed: 0.0146597
[78001.7s] SA epochs explored locally: 1148 Speed: 0.0147176
[78065.2s] SA epochs explored locally: 1155 Speed: 0.0147953
[78110.3s] SA epochs explored locally: 1162 Speed: 0.0148764
[78121.6s] SA epochs explored locally: 1169 Speed: 0.0149638
[78356s] SA epochs explored locally: 1176 Speed: 0.0150084
[78378.8s] SA epochs explored locally: 1183 Speed: 0.0150934
[78390.1s] SA epochs explored locally: 1190 Speed: 0.0151805
[78527.7s] SA epochs explored locally: 1197 Speed: 0.015243
[78550.4s] SA epochs explored locally: 1204 Speed: 0.0153277
[78723.7s] SA epochs explored locally: 1211 Speed: 0.0153829
[78858s] SA epochs explored locally: 1218 Speed: 0.0154455
[78892s] SA epochs explored locally: 1225 Speed: 0.0155276
[78963.2s] SA epochs explored locally: 1232 Speed: 0.0156022
[79096.7s] SA epochs explored locally: 1239 Speed: 0.0156644
[79130.9s] SA epochs explored locally: 1246 Speed: 0.0157461
[79280.8s] SA epochs explored locally: 1253 Speed: 0.0158046
[79329.8s] SA epochs explored locally: 1260 Speed: 0.0158831
[79404.7s] SA epochs explored locally: 1267 Speed: 0.0159562
[79687.2s] SA epochs explored locally: 1274 Speed: 0.0159875
[79724.7s] SA epochs explored locally: 1281 Speed: 0.0160678
[79732.5s] SA epochs explored locally: 1288 Speed: 0.016154
[79774s] SA epochs explored locally: 1295 Speed: 0.0162334
[79959.9s] SA epochs explored locally: 1302 Speed: 0.0162832
[80023.6s] SA epochs explored locally: 1309 Speed: 0.0163577
[80285.6s] SA epochs explored locally: 1316 Speed: 0.0163915
[80304.6s] SA epochs explored locally: 1323 Speed: 0.0164748
[80346.1s] SA epochs explored locally: 1330 Speed: 0.0165534
[80421.6s] SA epochs explored locally: 1337 Speed: 0.0166249
[80459.5s] SA epochs explored locally: 1344 Speed: 0.016704
[80652.6s] SA epochs explored locally: 1351 Speed: 0.0167509
[80746.8s] SA epochs explored locally: 1358 Speed: 0.016818
[80784.3s] SA epochs explored locally: 1365 Speed: 0.0168969
[80840s] SA epochs explored locally: 1372 Speed: 0.0169718
[80888.5s] SA epochs explored locally: 1379 Speed: 0.0170482
[80997.6s] SA epochs explored locally: 1386 Speed: 0.0171116
[81027.9s] SA epochs explored locally: 1393 Speed: 0.0171916
[81043.2s] SA epochs explored locally: 1400 Speed: 0.0172747
[81077.2s] SA epochs explored locally: 1407 Speed: 0.0173538
[81194.9s] SA epochs explored locally: 1414 Speed: 0.0174149
[81328.4s] SA epochs explored locally: 1421 Speed: 0.0174724
[81586.3s] SA epochs explored locally: 1428 Speed: 0.0175029
[81620.4s] SA epochs explored locally: 1435 Speed: 0.0175814
[81677.2s] SA epochs explored locally: 1442 Speed: 0.0176549
[81760.7s] SA epochs explored locally: 1449 Speed: 0.0177224
[82062.7s] SA epochs explored locally: 1456 Speed: 0.0177425
[82385.7s] SA epochs explored locally: 1463 Speed: 0.0177579
[82504s] SA epochs explored locally: 1470 Speed: 0.0178173
[82549.4s] SA epochs explored locally: 1477 Speed: 0.0178923
[82624.7s] SA epochs explored locally: 1484 Speed: 0.0179607
[82897.3s] SA epochs explored locally: 1491 Speed: 0.0179861
[82927.9s] SA epochs explored locally: 1498 Speed: 0.0180639
[82980.8s] SA epochs explored locally: 1505 Speed: 0.0181367
[83026.5s] SA epochs explored locally: 1512 Speed: 0.0182111
[83172.2s] SA epochs explored locally: 1519 Speed: 0.0182633
[83206.4s] SA epochs explored locally: 1526 Speed: 0.0183399
[83383.9s] SA epochs explored locally: 1533 Speed: 0.0183849
[83584.9s] SA epochs explored locally: 1540 Speed: 0.0184244
[83640.9s] SA epochs explored locally: 1547 Speed: 0.0184957
[83719.3s] SA epochs explored locally: 1554 Speed: 0.018562
[83952.8s] SA epochs explored locally: 1561 Speed: 0.0185938
[84126.3s] SA epochs explored locally: 1568 Speed: 0.0186386
[84134.1s] SA epochs explored locally: 1575 Speed: 0.0187201
[84216.8s] SA epochs explored locally: 1582 Speed: 0.0187848
[84224.6s] SA epochs explored locally: 1589 Speed: 0.0188662
[84490.1s] SA epochs explored locally: 1596 Speed: 0.0188898
[84726.4s] SA epochs explored locally: 1603 Speed: 0.0189197
[84821s] SA epochs explored locally: 1610 Speed: 0.0189812
[84828.8s] SA epochs explored locally: 1617 Speed: 0.0190619
[84970.9s] SA epochs explored locally: 1624 Speed: 0.0191124
[85005.1s] SA epochs explored locally: 1631 Speed: 0.0191871
[85107s] SA epochs explored locally: 1638 Speed: 0.0192464
[85197.6s] SA epochs explored locally: 1645 Speed: 0.0193081
[85379.8s] SA epochs explored locally: 1652 Speed: 0.0193488
[85633.3s] SA epochs explored locally: 1659 Speed: 0.0193733
[85697s] SA epochs explored locally: 1666 Speed: 0.0194406
[85749.6s] SA epochs explored locally: 1673 Speed: 0.0195103
[85779.7s] SA epochs explored locally: 1680 Speed: 0.019585
[85897.5s] SA epochs explored locally: 1687 Speed: 0.0196397
[86040.1s] SA epochs explored locally: 1694 Speed: 0.0196885
[86209.3s] SA epochs explored locally: 1701 Speed: 0.019731
[86524.4s] SA epochs explored locally: 1708 Speed: 0.0197401
[86788.7s] SA epochs explored locally: 1715 Speed: 0.0197606
[86857.4s] SA epochs explored locally: 1722 Speed: 0.0198256
[86972.1s] SA epochs explored locally: 1729 Speed: 0.0198799
[87273.1s] SA epochs explored locally: 1736 Speed: 0.0198916
[87333s] SA epochs explored locally: 1743 Speed: 0.0199581
[87348.2s] SA epochs explored locally: 1750 Speed: 0.0200348
[87389.4s] SA epochs explored locally: 1757 Speed: 0.0201054
[87426.9s] SA epochs explored locally: 1764 Speed: 0.0201769
[87502s] SA epochs explored locally: 1771 Speed: 0.0202395
[87612.2s] SA epochs explored locally: 1778 Speed: 0.020294
[87627.5s] SA epochs explored locally: 1785 Speed: 0.0203703
[87772.8s] SA epochs explored locally: 1792 Speed: 0.0204164
[87946.1s] SA epochs explored locally: 1799 Speed: 0.0204557
[88032.5s] SA epochs explored locally: 1806 Speed: 0.0205151
[88066.3s] SA epochs explored locally: 1813 Speed: 0.0205868
[88347.8s] SA epochs explored locally: 1820 Speed: 0.0206004
[88366.9s] SA epochs explored locally: 1827 Speed: 0.0206752
[88485.1s] SA epochs explored locally: 1834 Speed: 0.0207267
[88560.8s] SA epochs explored locally: 1841 Speed: 0.020788
[88750.4s] SA epochs explored locally: 1848 Speed: 0.0208224
[88864.6s] SA epochs explored locally: 1855 Speed: 0.0208744
[88910.7s] SA epochs explored locally: 1862 Speed: 0.0209424
[88998.1s] SA epochs explored locally: 1869 Speed: 0.0210005
[89070s] SA epochs explored locally: 1876 Speed: 0.0210621
[89137.9s] SA epochs explored locally: 1883 Speed: 0.0211246
[89164.5s] SA epochs explored locally: 1890 Speed: 0.0211968
[89187.4s] SA epochs explored locally: 1897 Speed: 0.0212698
[89198.7s] SA epochs explored locally: 1904 Speed: 0.0213456
[89240.3s] SA epochs explored locally: 1911 Speed: 0.0214141
[89393.5s] SA epochs explored locally: 1918 Speed: 0.0214557
[89412.5s] SA epochs explored locally: 1925 Speed: 0.0215294
[89435.2s] SA epochs explored locally: 1932 Speed: 0.0216022
[89502.7s] SA epochs explored locally: 1939 Speed: 0.0216642
[89510.4s] SA epochs explored locally: 1946 Speed: 0.0217405
[89556s] SA epochs explored locally: 1953 Speed: 0.0218076
[89642.8s] SA epochs explored locally: 1960 Speed: 0.0218646
[89718.6s] SA epochs explored locally: 1967 Speed: 0.0219241
[89741.5s] SA epochs explored locally: 1974 Speed: 0.0219965
[89813.7s] SA epochs explored locally: 1981 Speed: 0.0220568
[89825s] SA epochs explored locally: 1988 Speed: 0.0221319
[89974.8s] SA epochs explored locally: 1995 Speed: 0.0221729
[90035.1s] SA epochs explored locally: 2002 Speed: 0.0222358
[90110s] SA epochs explored locally: 2009 Speed: 0.022295
[90197.4s] SA epochs explored locally: 2016 Speed: 0.022351
[90383.1s] SA epochs explored locally: 2023 Speed: 0.0223825
[90458.3s] SA epochs explored locally: 2030 Speed: 0.0224413
[90507.5s] SA epochs explored locally: 2037 Speed: 0.0225064
[90665.1s] SA epochs explored locally: 2044 Speed: 0.0225445
[90799.1s] SA epochs explored locally: 2051 Speed: 0.0225883
[90817.8s] SA epochs explored locally: 2058 Speed: 0.0226607
[90919.8s] SA epochs explored locally: 2065 Speed: 0.0227123
[91205.2s] SA epochs explored locally: 2072 Speed: 0.022718
[91220.5s] SA epochs explored locally: 2079 Speed: 0.0227909
[138670s] SA epochs explored locally: 2086 Speed: 0.0150429
[138693s] SA epochs explored locally: 2093 Speed: 0.0150909
[138716s] SA epochs explored locally: 2100 Speed: 0.0151388
[138822s] SA epochs explored locally: 2107 Speed: 0.0151777
[138838s] SA epochs explored locally: 2114 Speed: 0.0152264
[138872s] SA epochs explored locally: 2121 Speed: 0.0152731
[138958s] SA epochs explored locally: 2128 Speed: 0.015314
[139015s] SA epochs explored locally: 2135 Speed: 0.0153581
[139049s] SA epochs explored locally: 2142 Speed: 0.0154047
[139105s] SA epochs explored locally: 2149 Speed: 0.0154488
[139172s] SA epochs explored locally: 2156 Speed: 0.0154916
[139258s] SA epochs explored locally: 2163 Speed: 0.0155323
[139285s] SA epochs explored locally: 2170 Speed: 0.0155796
[139303s] SA epochs explored locally: 2177 Speed: 0.0156278
[139330s] SA epochs explored locally: 2184 Speed: 0.015675
[139345s] SA epochs explored locally: 2191 Speed: 0.0157235
[139394s] SA epochs explored locally: 2198 Speed: 0.0157682
[139432s] SA epochs explored locally: 2205 Speed: 0.0158142
[139530s] SA epochs explored locally: 2212 Speed: 0.0158532
[139860s] SA epochs explored locally: 2219 Speed: 0.0158658
[140161s] SA epochs explored locally: 2226 Speed: 0.0158818
[140354s] SA epochs explored locally: 2233 Speed: 0.0159098
[140410s] SA epochs explored locally: 2240 Speed: 0.0159533
[140433s] SA epochs explored locally: 2247 Speed: 0.0160006
[140451s] SA epochs explored locally: 2254 Speed: 0.0160483
[140507s] SA epochs explored locally: 2261 Speed: 0.0160917
[140549s] SA epochs explored locally: 2268 Speed: 0.0161367
[140655s] SA epochs explored locally: 2275 Speed: 0.0161743
[140733s] SA epochs explored locally: 2282 Speed: 0.0162151
[140855s] SA epochs explored locally: 2289 Speed: 0.0162507
[140946s] SA epochs explored locally: 2296 Speed: 0.0162899
[141069s] SA epochs explored locally: 2303 Speed: 0.0163254
[141106s] SA epochs explored locally: 2310 Speed: 0.0163707
[141422s] SA epochs explored locally: 2317 Speed: 0.0163836
[141479s] SA epochs explored locally: 2324 Speed: 0.0164265
[141501s] SA epochs explored locally: 2331 Speed: 0.0164733
[141659s] SA epochs explored locally: 2338 Speed: 0.0165045
[141876s] SA epochs explored locally: 2345 Speed: 0.0165285
[141990s] SA epochs explored locally: 2352 Speed: 0.0165646
[142073s] SA epochs explored locally: 2359 Speed: 0.0166042
[142128s] SA epochs explored locally: 2366 Speed: 0.0166469
[142189s] SA epochs explored locally: 2373 Speed: 0.0166891
[142207s] SA epochs explored locally: 2380 Speed: 0.0167361
[142319s] SA epochs explored locally: 2387 Speed: 0.0167722
[142354s] SA epochs explored locally: 2394 Speed: 0.0168173
[142427s] SA epochs explored locally: 2401 Speed: 0.0168578
[142461s] SA epochs explored locally: 2408 Speed: 0.0169029
[142499s] SA epochs explored locally: 2415 Speed: 0.0169475
[142533s] SA epochs explored locally: 2422 Speed: 0.0169926
[142623s] SA epochs explored locally: 2429 Speed: 0.0170309
[142773s] SA epochs explored locally: 2436 Speed: 0.017062
[142903s] SA epochs explored locally: 2443 Speed: 0.0170955
[142990s] SA epochs explored locally: 2450 Speed: 0.0171341
[143020s] SA epochs explored locally: 2457 Speed: 0.0171794
[143189s] SA epochs explored locally: 2464 Speed: 0.017208
[143254s] SA epochs explored locally: 2471 Speed: 0.0172491
[143262s] SA epochs explored locally: 2478 Speed: 0.017297
[143349s] SA epochs explored locally: 2485 Speed: 0.0173354
[143368s] SA epochs explored locally: 2492 Speed: 0.0173819
[143518s] SA epochs explored locally: 2499 Speed: 0.0174125
[143605s] SA epochs explored locally: 2506 Speed: 0.0174507
[143620s] SA epochs explored locally: 2513 Speed: 0.0174976
[143845s] SA epochs explored locally: 2520 Speed: 0.0175189
[143932s] SA epochs explored locally: 2527 Speed: 0.0175569
[143936s] SA epochs explored locally: 2534 Speed: 0.017605
[144004s] SA epochs explored locally: 2541 Speed: 0.0176454
[144153s] SA epochs explored locally: 2548 Speed: 0.0176757
[144383s] SA epochs explored locally: 2555 Speed: 0.017696
[144661s] SA epochs explored locally: 2562 Speed: 0.0177104
[144787s] SA epochs explored locally: 2569 Speed: 0.0177433
[144995s] SA epochs explored locally: 2576 Speed: 0.0177661
[145014s] SA epochs explored locally: 2583 Speed: 0.0178121
[145124s] SA epochs explored locally: 2590 Speed: 0.0178468
[145147s] SA epochs explored locally: 2597 Speed: 0.0178922
[145355s] SA epochs explored locally: 2604 Speed: 0.0179147
[145430s] SA epochs explored locally: 2611 Speed: 0.0179536
[145521s] SA epochs explored locally: 2618 Speed: 0.0179905
[145544s] SA epochs explored locally: 2625 Speed: 0.0180358
[145726s] SA epochs explored locally: 2632 Speed: 0.0180614
[145852s] SA epochs explored locally: 2639 Speed: 0.0180937
[145946s] SA epochs explored locally: 2646 Speed: 0.01813
[145995s] SA epochs explored locally: 2653 Speed: 0.0181719
[146059s] SA epochs explored locally: 2660 Speed: 0.0182119
[146074s] SA epochs explored locally: 2667 Speed: 0.0182579
[146180s] SA epochs explored locally: 2674 Speed: 0.0182925
[146362s] SA epochs explored locally: 2681 Speed: 0.0183176
[146607s] SA epochs explored locally: 2688 Speed: 0.0183347
[146691s] SA epochs explored locally: 2695 Speed: 0.018372
[146952s] SA epochs explored locally: 2702 Speed: 0.018387
[147002s] SA epochs explored locally: 2709 Speed: 0.0184284
[147013s] SA epochs explored locally: 2716 Speed: 0.0184745
[147032s] SA epochs explored locally: 2723 Speed: 0.0185198
[147078s] SA epochs explored locally: 2730 Speed: 0.0185616
[147375s] SA epochs explored locally: 2737 Speed: 0.0185716
[147498s] SA epochs explored locally: 2744 Speed: 0.0186036
[147536s] SA epochs explored locally: 2751 Speed: 0.0186463
[147607s] SA epochs explored locally: 2758 Speed: 0.0186847
[147656s] SA epochs explored locally: 2765 Speed: 0.0187259
[147766s] SA epochs explored locally: 2772 Speed: 0.0187593
[147839s] SA epochs explored locally: 2779 Speed: 0.0187975
[147873s] SA epochs explored locally: 2786 Speed: 0.0188404
[147934s] SA epochs explored locally: 2793 Speed: 0.0188801
[148191s] SA epochs explored locally: 2800 Speed: 0.0188946
[148229s] SA epochs explored locally: 2807 Speed: 0.0189369
[148244s] SA epochs explored locally: 2814 Speed: 0.0189822
[148267s] SA epochs explored locally: 2821 Speed: 0.0190265
[148346s] SA epochs explored locally: 2828 Speed: 0.0190635
[148395s] SA epochs explored locally: 2835 Speed: 0.0191044
[148460s] SA epochs explored locally: 2842 Speed: 0.0191432
[148494s] SA epochs explored locally: 2849 Speed: 0.019186
[148585s] SA epochs explored locally: 2856 Speed: 0.0192214
[148607s] SA epochs explored locally: 2863 Speed: 0.0192656
[148656s] SA epochs explored locally: 2870 Speed: 0.0193063
[148664s] SA epochs explored locally: 2877 Speed: 0.0193524
[148829s] SA epochs explored locally: 2884 Speed: 0.019378
[148870s] SA epochs explored locally: 2891 Speed: 0.0194196
[148878s] SA epochs explored locally: 2898 Speed: 0.0194656
[148919s] SA epochs explored locally: 2905 Speed: 0.0195072
[148931s] SA epochs explored locally: 2912 Speed: 0.0195527
[148994s] SA epochs explored locally: 2919 Speed: 0.0195914
[149216s] SA epochs explored locally: 2926 Speed: 0.0196092
[149253s] SA epochs explored locally: 2933 Speed: 0.0196511
[149299s] SA epochs explored locally: 2940 Speed: 0.019692
[149422s] SA epochs explored locally: 2947 Speed: 0.0197227
[149532s] SA epochs explored locally: 2954 Speed: 0.019755
[149661s] SA epochs explored locally: 2961 Speed: 0.0197847
[149713s] SA epochs explored locally: 2968 Speed: 0.0198246
[149847s] SA epochs explored locally: 2975 Speed: 0.0198536
[149854s] SA epochs explored locally: 2982 Speed: 0.0198993
[149933s] SA epochs explored locally: 2989 Speed: 0.0199356
[149971s] SA epochs explored locally: 2996 Speed: 0.0199772
[150070s] SA epochs explored locally: 3003 Speed: 0.0200107
[150104s] SA epochs explored locally: 3010 Speed: 0.0200527
[150262s] SA epochs explored locally: 3017 Speed: 0.0200783
[150288s] SA epochs explored locally: 3024 Speed: 0.0201213
[150386s] SA epochs explored locally: 3031 Speed: 0.0201548
[150500s] SA epochs explored locally: 3038 Speed: 0.020186
[150527s] SA epochs explored locally: 3045 Speed: 0.020229
[150599s] SA epochs explored locally: 3052 Speed: 0.0202658
[150836s] SA epochs explored locally: 3059 Speed: 0.0202803
[150914s] SA epochs explored locally: 3066 Speed: 0.0203162
[151112s] SA epochs explored locally: 3073 Speed: 0.020336
[151229s] SA epochs explored locally: 3080 Speed: 0.0203664
[151460s] SA epochs explored locally: 3087 Speed: 0.0203816
[151633s] SA epochs explored locally: 3094 Speed: 0.0204045
[151660s] SA epochs explored locally: 3101 Speed: 0.0204471
[151786s] SA epochs explored locally: 3108 Speed: 0.0204762
[151928s] SA epochs explored locally: 3115 Speed: 0.0205031
[151970s] SA epochs explored locally: 3122 Speed: 0.0205436
[152159s] SA epochs explored locally: 3129 Speed: 0.020564
[152439s] SA epochs explored locally: 3136 Speed: 0.0205721
[152534s] SA epochs explored locally: 3143 Speed: 0.0206052
[152599s] SA epochs explored locally: 3150 Speed: 0.0206424
[152629s] SA epochs explored locally: 3157 Speed: 0.0206841
[152637s] SA epochs explored locally: 3164 Speed: 0.0207289
[152653s] SA epochs explored locally: 3171 Speed: 0.0207727
[152758s] SA epochs explored locally: 3178 Speed: 0.0208041
[152884s] SA epochs explored locally: 3185 Speed: 0.0208327
[152960s] SA epochs explored locally: 3192 Speed: 0.0208682
[153001s] SA epochs explored locally: 3199 Speed: 0.0209083
[153198s] SA epochs explored locally: 3206 Speed: 0.0209271
[153308s] SA epochs explored locally: 3213 Speed: 0.0209578
[153648s] SA epochs explored locally: 3220 Speed: 0.020957
[153686s] SA epochs explored locally: 3227 Speed: 0.0209974
[153788s] SA epochs explored locally: 3234 Speed: 0.0210289
[153883s] SA epochs explored locally: 3241 Speed: 0.0210615
[154219s] SA epochs explored locally: 3248 Speed: 0.021061
[154301s] SA epochs explored locally: 3255 Speed: 0.0210951
[154347s] SA epochs explored locally: 3262 Speed: 0.0211342
[154448s] SA epochs explored locally: 3269 Speed: 0.0211657
[154512s] SA epochs explored locally: 3276 Speed: 0.0212022
[154599s] SA epochs explored locally: 3283 Speed: 0.0212356
[154811s] SA epochs explored locally: 3290 Speed: 0.0212517
[154921s] SA epochs explored locally: 3297 Speed: 0.0212818
[154936s] SA epochs explored locally: 3304 Speed: 0.0213249
[155030s] SA epochs explored locally: 3311 Speed: 0.0213571
[155256s] SA epochs explored locally: 3318 Speed: 0.0213712
[155290s] SA epochs explored locally: 3325 Speed: 0.0214115
[155603s] SA epochs explored locally: 3332 Speed: 0.0214134
[155726s] SA epochs explored locally: 3339 Speed: 0.0214415
[155737s] SA epochs explored locally: 3346 Speed: 0.0214849
[155753s] SA epochs explored locally: 3353 Speed: 0.0215277
[155817s] SA epochs explored locally: 3360 Speed: 0.0215638
[155903s] SA epochs explored locally: 3367 Speed: 0.0215967
[156148s] SA epochs explored locally: 3374 Speed: 0.0216077
[156156s] SA epochs explored locally: 3381 Speed: 0.0216515
[156266s] SA epochs explored locally: 3388 Speed: 0.021681
[156352s] SA epochs explored locally: 3395 Speed: 0.0217138
[156375s] SA epochs explored locally: 3402 Speed: 0.0217554
[156706s] SA epochs explored locally: 3409 Speed: 0.0217541
[156980s] SA epochs explored locally: 3416 Speed: 0.0217608
[157075s] SA epochs explored locally: 3423 Speed: 0.0217921
[157086s] SA epochs explored locally: 3430 Speed: 0.0218351
